#-----------------------------------------------------------
# Vivado v2018.1 (64-bit)
# SW Build 2188600 on Wed Apr  4 18:40:38 MDT 2018
# IP Build 2185939 on Wed Apr  4 20:55:05 MDT 2018
# Start of session at: Tue Aug 13 17:41:55 2024
# Process ID: 6312
# Current directory: C:/INTERNSHIP_2/TRAINING/four_bit_carry_lockahead_adder/carry_lockahead_adder_usual/works/carry_lookahead_adder
# Command line: vivado.exe -gui_launcher_event rodinguilauncherevent16284 C:\INTERNSHIP_2\TRAINING\four_bit_carry_lockahead_adder\carry_lockahead_adder_usual\works\carry_lookahead_adder\carry_lookahead_adder.xpr
# Log file: C:/INTERNSHIP_2/TRAINING/four_bit_carry_lockahead_adder/carry_lockahead_adder_usual/works/carry_lookahead_adder/vivado.log
# Journal file: C:/INTERNSHIP_2/TRAINING/four_bit_carry_lockahead_adder/carry_lockahead_adder_usual/works/carry_lookahead_adder\vivado.jou
#-----------------------------------------------------------
start_gui
open_project C:/INTERNSHIP_2/TRAINING/four_bit_carry_lockahead_adder/carry_lockahead_adder_usual/works/carry_lookahead_adder/carry_lookahead_adder.xpr
update_compile_order -fileset sources_1
